// Jest Snapshot v1, https://goo.gl/fbAQLP

exports[`ObjectAttribute.vue Snapshot unchanged 1`] = `
exports[`ObjectAttribute.vue Snapshots unchanged: 2 wrapper 1`] = `
<div title="{a:true,b:'Some \\'text\\'',c:{d:{e:'23'},f:'\\'&quot;\\'&quot;'}}">
  <h1 title="['asdf','qwer']" class="active">
    text
  </h1>
</div>
`;
